2025-12-09 15:26:27 - MediaMTX_VMS - INFO - [logger.py:62] - ================================================================================
2025-12-09 15:26:27 - MediaMTX_VMS - INFO - [logger.py:63] - MediaMTX VMS Client v2.0 - Logger initialized
2025-12-09 15:26:27 - MediaMTX_VMS - INFO - [logger.py:64] - Log file: logs\app_20251209.log
2025-12-09 15:26:27 - MediaMTX_VMS - INFO - [logger.py:65] - ================================================================================
2025-12-09 15:26:27 - MediaMTX_VMS - INFO - [config.py:40] - Configuration loaded from config.json
2025-12-09 15:26:27 - MediaMTX_VMS - INFO - [camera_manager.py:28] - Loading 1 cameras from config
2025-12-09 15:26:27 - MediaMTX_VMS - INFO - [nvr_manager.py:28] - Loading 0 NVRs from config
2025-12-09 15:26:28 - MediaMTX_VMS - INFO - [main.py:84] - ================================================================================
2025-12-09 15:26:28 - MediaMTX_VMS - INFO - [main.py:85] - MediaMTX VMS Client v2.0 - Starting
2025-12-09 15:26:28 - MediaMTX_VMS - INFO - [main.py:86] - ================================================================================
2025-12-09 15:26:28 - MediaMTX_VMS - INFO - [main.py:38] - Stylesheet loaded successfully
2025-12-09 15:26:29 - MediaMTX_VMS - INFO - [grid_widget.py:85] - Created 2x2 grid with 4 cells
2025-12-09 15:26:29 - MediaMTX_VMS - INFO - [video_widget.py:74] - VideoWidget assigned to camera: dakdsa
2025-12-09 15:26:29 - MediaMTX_VMS - DEBUG - [stream_manager.py:70] - VideoStreamThread created for camera: dakdsa
2025-12-09 15:26:29 - MediaMTX_VMS - INFO - [video_widget.py:104] - Started stream for dakdsa
2025-12-09 15:26:29 - MediaMTX_VMS - DEBUG - [config.py:113] - Config set: layout.grid_assignments.2x2 = {'0,0': '62738212-6a88-4302-9f18-c0859dea54e7'}
2025-12-09 15:26:29 - MediaMTX_VMS - DEBUG - [stream_manager.py:355] - Stream status for dakdsa: Connecting
2025-12-09 15:26:29 - MediaMTX_VMS - INFO - [stream_manager.py:146] - Connecting to dakdsa at rtsp://192.168.1.109:8554/nvr1_camera1
2025-12-09 15:26:29 - MediaMTX_VMS - DEBUG - [config.py:63] - Configuration saved
2025-12-09 15:26:29 - MediaMTX_VMS - INFO - [grid_widget.py:166] - Assigned camera 'dakdsa' to cell (0, 0)
2025-12-09 15:26:29 - MediaMTX_VMS - INFO - [video_widget.py:74] - VideoWidget assigned to camera: dakdsa
2025-12-09 15:26:29 - MediaMTX_VMS - DEBUG - [stream_manager.py:70] - VideoStreamThread created for camera: dakdsa
2025-12-09 15:26:29 - MediaMTX_VMS - INFO - [video_widget.py:104] - Started stream for dakdsa
2025-12-09 15:26:29 - MediaMTX_VMS - DEBUG - [config.py:113] - Config set: layout.grid_assignments.2x2 = {'0,0': '62738212-6a88-4302-9f18-c0859dea54e7', '0,1': '62738212-6a88-4302-9f18-c0859dea54e7'}
2025-12-09 15:26:29 - MediaMTX_VMS - DEBUG - [config.py:63] - Configuration saved
2025-12-09 15:26:29 - MediaMTX_VMS - INFO - [grid_widget.py:166] - Assigned camera 'dakdsa' to cell (0, 1)
2025-12-09 15:26:29 - MediaMTX_VMS - DEBUG - [stream_manager.py:355] - Stream status for dakdsa: Connecting
2025-12-09 15:26:29 - MediaMTX_VMS - INFO - [stream_manager.py:146] - Connecting to dakdsa at rtsp://192.168.1.109:8554/nvr1_camera1
2025-12-09 15:26:29 - MediaMTX_VMS - DEBUG - [resource_tree.py:129] - Resource tree loaded: 1 cameras, 0 NVRs
2025-12-09 15:26:29 - MediaMTX_VMS - DEBUG - [event_log.py:151] - Event logged: [Info] : Application started
2025-12-09 15:26:29 - MediaMTX_VMS - INFO - [main_window.py:56] - MainWindow initialized
2025-12-09 15:26:32 - MediaMTX_VMS - INFO - [main.py:98] - Main window displayed
2025-12-09 15:26:43 - MediaMTX_VMS - INFO - [discovery.py:87] - Sending ONVIF WS-Discovery probe...
2025-12-09 15:26:46 - MediaMTX_VMS - INFO - [discovery.py:111] - ONVIF discovery complete. Found 0 devices.
2025-12-09 15:26:46 - MediaMTX_VMS - INFO - [discovery.py:224] - Scanning for MediaMTX servers (2 hosts)...
2025-12-09 15:26:51 - MediaMTX_VMS - INFO - [discovery.py:232] - MediaMTX discovery complete. Found 0 servers.
2025-12-09 15:26:54 - MediaMTX_VMS - DEBUG - [resource_tree.py:129] - Resource tree loaded: 1 cameras, 0 NVRs
2025-12-09 15:26:55 - MediaMTX_VMS - INFO - [grid_widget.py:220] - Stopping all streams
2025-12-09 15:26:55 - MediaMTX_VMS - INFO - [video_widget.py:109] - Stopping stream for dakdsa
2025-12-09 15:26:55 - MediaMTX_VMS - DEBUG - [stream_manager.py:134] - Stopping stream for dakdsa
2025-12-09 15:26:57 - MediaMTX_VMS - INFO - [video_widget.py:109] - Stopping stream for dakdsa
2025-12-09 15:26:57 - MediaMTX_VMS - DEBUG - [stream_manager.py:134] - Stopping stream for dakdsa
2025-12-09 15:26:59 - MediaMTX_VMS - INFO - [main_window.py:372] - Application closing
2025-12-09 15:27:00 - MediaMTX_VMS - INFO - [main.py:106] - Application exiting with code: 0
2025-12-09 15:27:00 - MediaMTX_VMS - INFO - [main.py:107] - ================================================================================
2025-12-09 17:20:31 - MediaMTX_VMS - INFO - [logger.py:62] - ================================================================================
2025-12-09 17:20:31 - MediaMTX_VMS - INFO - [logger.py:63] - MediaMTX VMS Client v2.0 - Logger initialized
2025-12-09 17:20:31 - MediaMTX_VMS - INFO - [logger.py:64] - Log file: logs\app_20251209.log
2025-12-09 17:20:31 - MediaMTX_VMS - INFO - [logger.py:65] - ================================================================================
2025-12-09 17:20:31 - MediaMTX_VMS - INFO - [config.py:40] - Configuration loaded from config.json
2025-12-09 17:20:31 - MediaMTX_VMS - INFO - [camera_manager.py:28] - Loading 1 cameras from config
2025-12-09 17:20:31 - MediaMTX_VMS - INFO - [nvr_manager.py:28] - Loading 0 NVRs from config
2025-12-09 17:20:32 - MediaMTX_VMS - INFO - [main.py:84] - ================================================================================
2025-12-09 17:20:32 - MediaMTX_VMS - INFO - [main.py:85] - MediaMTX VMS Client v2.0 - Starting
2025-12-09 17:20:32 - MediaMTX_VMS - INFO - [main.py:86] - ================================================================================
2025-12-09 17:20:32 - MediaMTX_VMS - INFO - [main.py:38] - Stylesheet loaded successfully
2025-12-09 17:20:32 - MediaMTX_VMS - INFO - [grid_widget.py:85] - Created 2x2 grid with 4 cells
2025-12-09 17:20:32 - MediaMTX_VMS - INFO - [video_widget.py:74] - VideoWidget assigned to camera: dakdsa
2025-12-09 17:20:32 - MediaMTX_VMS - DEBUG - [stream_manager.py:70] - VideoStreamThread created for camera: dakdsa
2025-12-09 17:20:32 - MediaMTX_VMS - INFO - [video_widget.py:104] - Started stream for dakdsa
2025-12-09 17:20:32 - MediaMTX_VMS - DEBUG - [config.py:113] - Config set: layout.grid_assignments.2x2 = {'0,0': '62738212-6a88-4302-9f18-c0859dea54e7'}
2025-12-09 17:20:32 - MediaMTX_VMS - DEBUG - [stream_manager.py:355] - Stream status for dakdsa: Connecting
2025-12-09 17:20:32 - MediaMTX_VMS - INFO - [stream_manager.py:146] - Connecting to dakdsa at rtsp://192.168.1.109:8554/nvr1_camera1
2025-12-09 17:20:32 - MediaMTX_VMS - DEBUG - [config.py:63] - Configuration saved
2025-12-09 17:20:32 - MediaMTX_VMS - INFO - [grid_widget.py:166] - Assigned camera 'dakdsa' to cell (0, 0)
2025-12-09 17:20:32 - MediaMTX_VMS - INFO - [video_widget.py:74] - VideoWidget assigned to camera: dakdsa
2025-12-09 17:20:32 - MediaMTX_VMS - DEBUG - [stream_manager.py:70] - VideoStreamThread created for camera: dakdsa
2025-12-09 17:20:32 - MediaMTX_VMS - INFO - [video_widget.py:104] - Started stream for dakdsa
2025-12-09 17:20:32 - MediaMTX_VMS - DEBUG - [config.py:113] - Config set: layout.grid_assignments.2x2 = {'0,0': '62738212-6a88-4302-9f18-c0859dea54e7', '0,1': '62738212-6a88-4302-9f18-c0859dea54e7'}
2025-12-09 17:20:32 - MediaMTX_VMS - DEBUG - [stream_manager.py:355] - Stream status for dakdsa: Connecting
2025-12-09 17:20:32 - MediaMTX_VMS - DEBUG - [config.py:63] - Configuration saved
2025-12-09 17:20:32 - MediaMTX_VMS - INFO - [stream_manager.py:146] - Connecting to dakdsa at rtsp://192.168.1.109:8554/nvr1_camera1
2025-12-09 17:20:32 - MediaMTX_VMS - INFO - [grid_widget.py:166] - Assigned camera 'dakdsa' to cell (0, 1)
2025-12-09 17:21:15 - MediaMTX_VMS - INFO - [logger.py:62] - ================================================================================
2025-12-09 17:21:15 - MediaMTX_VMS - INFO - [logger.py:63] - MediaMTX VMS Client v2.0 - Logger initialized
2025-12-09 17:21:15 - MediaMTX_VMS - INFO - [logger.py:64] - Log file: logs\app_20251209.log
2025-12-09 17:21:15 - MediaMTX_VMS - INFO - [logger.py:65] - ================================================================================
2025-12-09 17:21:15 - MediaMTX_VMS - INFO - [config.py:40] - Configuration loaded from config.json
2025-12-09 17:21:15 - MediaMTX_VMS - INFO - [camera_manager.py:28] - Loading 1 cameras from config
2025-12-09 17:21:15 - MediaMTX_VMS - INFO - [nvr_manager.py:28] - Loading 0 NVRs from config
2025-12-09 17:21:16 - MediaMTX_VMS - INFO - [main.py:84] - ================================================================================
2025-12-09 17:21:16 - MediaMTX_VMS - INFO - [main.py:85] - MediaMTX VMS Client v2.0 - Starting
2025-12-09 17:21:16 - MediaMTX_VMS - INFO - [main.py:86] - ================================================================================
2025-12-09 17:21:16 - MediaMTX_VMS - INFO - [main.py:38] - Stylesheet loaded successfully
2025-12-09 17:21:16 - MediaMTX_VMS - INFO - [grid_widget.py:85] - Created 2x2 grid with 4 cells
2025-12-09 17:21:16 - MediaMTX_VMS - INFO - [video_widget.py:74] - VideoWidget assigned to camera: dakdsa
2025-12-09 17:21:16 - MediaMTX_VMS - DEBUG - [stream_manager.py:70] - VideoStreamThread created for camera: dakdsa
2025-12-09 17:21:16 - MediaMTX_VMS - INFO - [video_widget.py:104] - Started stream for dakdsa
2025-12-09 17:21:16 - MediaMTX_VMS - DEBUG - [config.py:113] - Config set: layout.grid_assignments.2x2 = {'0,0': '62738212-6a88-4302-9f18-c0859dea54e7'}
2025-12-09 17:21:16 - MediaMTX_VMS - DEBUG - [config.py:63] - Configuration saved
2025-12-09 17:21:16 - MediaMTX_VMS - INFO - [grid_widget.py:166] - Assigned camera 'dakdsa' to cell (0, 0)
2025-12-09 17:21:16 - MediaMTX_VMS - INFO - [video_widget.py:74] - VideoWidget assigned to camera: dakdsa
2025-12-09 17:21:16 - MediaMTX_VMS - DEBUG - [stream_manager.py:355] - Stream status for dakdsa: Connecting
2025-12-09 17:21:16 - MediaMTX_VMS - INFO - [stream_manager.py:146] - Connecting to dakdsa at rtsp://192.168.1.109:8554/nvr1_camera1
2025-12-09 17:21:16 - MediaMTX_VMS - DEBUG - [stream_manager.py:70] - VideoStreamThread created for camera: dakdsa
2025-12-09 17:21:16 - MediaMTX_VMS - INFO - [video_widget.py:104] - Started stream for dakdsa
2025-12-09 17:21:16 - MediaMTX_VMS - DEBUG - [stream_manager.py:355] - Stream status for dakdsa: Connecting
2025-12-09 17:21:16 - MediaMTX_VMS - DEBUG - [config.py:113] - Config set: layout.grid_assignments.2x2 = {'0,0': '62738212-6a88-4302-9f18-c0859dea54e7', '0,1': '62738212-6a88-4302-9f18-c0859dea54e7'}
2025-12-09 17:21:16 - MediaMTX_VMS - INFO - [stream_manager.py:146] - Connecting to dakdsa at rtsp://192.168.1.109:8554/nvr1_camera1
2025-12-09 17:21:16 - MediaMTX_VMS - DEBUG - [config.py:63] - Configuration saved
2025-12-09 17:21:16 - MediaMTX_VMS - INFO - [grid_widget.py:166] - Assigned camera 'dakdsa' to cell (0, 1)
2025-12-09 17:23:31 - MediaMTX_VMS - INFO - [logger.py:62] - ================================================================================
2025-12-09 17:23:31 - MediaMTX_VMS - INFO - [logger.py:63] - MediaMTX VMS Client v2.0 - Logger initialized
2025-12-09 17:23:31 - MediaMTX_VMS - INFO - [logger.py:64] - Log file: logs\app_20251209.log
2025-12-09 17:23:31 - MediaMTX_VMS - INFO - [logger.py:65] - ================================================================================
2025-12-09 17:23:31 - MediaMTX_VMS - INFO - [config.py:40] - Configuration loaded from config.json
2025-12-09 17:23:31 - MediaMTX_VMS - INFO - [camera_manager.py:28] - Loading 1 cameras from config
2025-12-09 17:23:31 - MediaMTX_VMS - INFO - [nvr_manager.py:28] - Loading 0 NVRs from config
2025-12-09 17:23:32 - MediaMTX_VMS - INFO - [main.py:84] - ================================================================================
2025-12-09 17:23:32 - MediaMTX_VMS - INFO - [main.py:85] - MediaMTX VMS Client v2.0 - Starting
2025-12-09 17:23:32 - MediaMTX_VMS - INFO - [main.py:86] - ================================================================================
2025-12-09 17:23:32 - MediaMTX_VMS - INFO - [main.py:38] - Stylesheet loaded successfully
2025-12-09 17:23:32 - MediaMTX_VMS - INFO - [grid_widget.py:85] - Created 2x2 grid with 4 cells
2025-12-09 17:23:32 - MediaMTX_VMS - INFO - [video_widget.py:74] - VideoWidget assigned to camera: dakdsa
2025-12-09 17:23:32 - MediaMTX_VMS - DEBUG - [stream_manager.py:70] - VideoStreamThread created for camera: dakdsa
2025-12-09 17:23:32 - MediaMTX_VMS - INFO - [video_widget.py:104] - Started stream for dakdsa
2025-12-09 17:23:32 - MediaMTX_VMS - DEBUG - [config.py:113] - Config set: layout.grid_assignments.2x2 = {'0,0': '62738212-6a88-4302-9f18-c0859dea54e7'}
2025-12-09 17:23:32 - MediaMTX_VMS - DEBUG - [config.py:63] - Configuration saved
2025-12-09 17:23:32 - MediaMTX_VMS - INFO - [grid_widget.py:166] - Assigned camera 'dakdsa' to cell (0, 0)
2025-12-09 17:23:32 - MediaMTX_VMS - DEBUG - [stream_manager.py:355] - Stream status for dakdsa: Connecting
2025-12-09 17:23:32 - MediaMTX_VMS - INFO - [stream_manager.py:146] - Connecting to dakdsa at rtsp://192.168.1.109:8554/nvr1_camera1
2025-12-09 17:23:32 - MediaMTX_VMS - INFO - [video_widget.py:74] - VideoWidget assigned to camera: dakdsa
2025-12-09 17:23:32 - MediaMTX_VMS - DEBUG - [stream_manager.py:70] - VideoStreamThread created for camera: dakdsa
2025-12-09 17:23:32 - MediaMTX_VMS - INFO - [video_widget.py:104] - Started stream for dakdsa
2025-12-09 17:23:32 - MediaMTX_VMS - DEBUG - [config.py:113] - Config set: layout.grid_assignments.2x2 = {'0,0': '62738212-6a88-4302-9f18-c0859dea54e7', '0,1': '62738212-6a88-4302-9f18-c0859dea54e7'}
2025-12-09 17:23:32 - MediaMTX_VMS - DEBUG - [config.py:63] - Configuration saved
2025-12-09 17:23:32 - MediaMTX_VMS - INFO - [grid_widget.py:166] - Assigned camera 'dakdsa' to cell (0, 1)
2025-12-09 17:23:32 - MediaMTX_VMS - DEBUG - [stream_manager.py:355] - Stream status for dakdsa: Connecting
2025-12-09 17:23:32 - MediaMTX_VMS - INFO - [stream_manager.py:146] - Connecting to dakdsa at rtsp://192.168.1.109:8554/nvr1_camera1
2025-12-09 17:23:32 - MediaMTX_VMS - DEBUG - [resource_tree.py:129] - Resource tree loaded: 1 cameras, 0 NVRs
2025-12-09 17:23:32 - MediaMTX_VMS - DEBUG - [event_log.py:151] - Event logged: [Info] : Application started
2025-12-09 17:23:32 - MediaMTX_VMS - INFO - [main_window.py:56] - MainWindow initialized
2025-12-09 17:23:35 - MediaMTX_VMS - INFO - [main.py:98] - Main window displayed
2025-12-09 17:25:03 - MediaMTX_VMS - ERROR - [stream_manager.py:156] - Failed to open stream: rtsp://192.168.1.109:8554/nvr1_camera1
2025-12-09 17:25:03 - MediaMTX_VMS - INFO - [stream_manager.py:201] - Reconnecting to dakdsa (attempt 1)
2025-12-09 17:25:03 - MediaMTX_VMS - DEBUG - [stream_manager.py:355] - Stream status for dakdsa: Reconnecting
2025-12-09 17:25:08 - MediaMTX_VMS - INFO - [stream_manager.py:146] - Connecting to dakdsa at rtsp://192.168.1.109:8554/nvr1_camera1
2025-12-09 17:25:33 - MediaMTX_VMS - ERROR - [stream_manager.py:156] - Failed to open stream: rtsp://192.168.1.109:8554/nvr1_camera1
2025-12-09 17:25:33 - MediaMTX_VMS - INFO - [stream_manager.py:201] - Reconnecting to dakdsa (attempt 1)
2025-12-09 17:25:33 - MediaMTX_VMS - DEBUG - [stream_manager.py:355] - Stream status for dakdsa: Reconnecting
2025-12-09 17:25:38 - MediaMTX_VMS - INFO - [stream_manager.py:146] - Connecting to dakdsa at rtsp://192.168.1.109:8554/nvr1_camera1
2025-12-09 17:35:06 - MediaMTX_VMS - INFO - [logger.py:62] - ================================================================================
2025-12-09 17:35:06 - MediaMTX_VMS - INFO - [logger.py:63] - MediaMTX VMS Client v2.0 - Logger initialized
2025-12-09 17:35:06 - MediaMTX_VMS - INFO - [logger.py:64] - Log file: logs\app_20251209.log
2025-12-09 17:35:06 - MediaMTX_VMS - INFO - [logger.py:65] - ================================================================================
2025-12-09 17:35:06 - MediaMTX_VMS - INFO - [config.py:40] - Configuration loaded from config.json
2025-12-09 17:35:06 - MediaMTX_VMS - INFO - [camera_manager.py:28] - Loading 1 cameras from config
2025-12-09 17:35:06 - MediaMTX_VMS - INFO - [nvr_manager.py:28] - Loading 0 NVRs from config
2025-12-09 17:35:07 - MediaMTX_VMS - INFO - [main.py:84] - ================================================================================
2025-12-09 17:35:07 - MediaMTX_VMS - INFO - [main.py:85] - MediaMTX VMS Client v2.0 - Starting
2025-12-09 17:35:07 - MediaMTX_VMS - INFO - [main.py:86] - ================================================================================
2025-12-09 17:35:07 - MediaMTX_VMS - INFO - [main.py:38] - Stylesheet loaded successfully
2025-12-09 17:35:07 - MediaMTX_VMS - INFO - [grid_widget.py:85] - Created 2x2 grid with 4 cells
2025-12-09 17:35:07 - MediaMTX_VMS - INFO - [video_widget.py:74] - VideoWidget assigned to camera: dakdsa
2025-12-09 17:35:07 - MediaMTX_VMS - DEBUG - [stream_manager.py:70] - VideoStreamThread created for camera: dakdsa
2025-12-09 17:35:07 - MediaMTX_VMS - INFO - [video_widget.py:104] - Started stream for dakdsa
2025-12-09 17:35:07 - MediaMTX_VMS - DEBUG - [config.py:113] - Config set: layout.grid_assignments.2x2 = {'0,0': '62738212-6a88-4302-9f18-c0859dea54e7'}
2025-12-09 17:35:07 - MediaMTX_VMS - DEBUG - [stream_manager.py:355] - Stream status for dakdsa: Connecting
2025-12-09 17:35:07 - MediaMTX_VMS - INFO - [stream_manager.py:146] - Connecting to dakdsa at rtsp://192.168.1.109:8554/nvr1_camera1
2025-12-09 17:35:07 - MediaMTX_VMS - DEBUG - [config.py:63] - Configuration saved
2025-12-09 17:35:07 - MediaMTX_VMS - INFO - [grid_widget.py:166] - Assigned camera 'dakdsa' to cell (0, 0)
2025-12-09 17:35:07 - MediaMTX_VMS - INFO - [video_widget.py:74] - VideoWidget assigned to camera: dakdsa
2025-12-09 17:35:07 - MediaMTX_VMS - DEBUG - [stream_manager.py:70] - VideoStreamThread created for camera: dakdsa
2025-12-09 17:35:07 - MediaMTX_VMS - INFO - [video_widget.py:104] - Started stream for dakdsa
2025-12-09 17:35:07 - MediaMTX_VMS - DEBUG - [config.py:113] - Config set: layout.grid_assignments.2x2 = {'0,0': '62738212-6a88-4302-9f18-c0859dea54e7', '0,1': '62738212-6a88-4302-9f18-c0859dea54e7'}
2025-12-09 17:35:07 - MediaMTX_VMS - DEBUG - [stream_manager.py:355] - Stream status for dakdsa: Connecting
2025-12-09 17:35:07 - MediaMTX_VMS - INFO - [stream_manager.py:146] - Connecting to dakdsa at rtsp://192.168.1.109:8554/nvr1_camera1
2025-12-09 17:35:07 - MediaMTX_VMS - DEBUG - [config.py:63] - Configuration saved
2025-12-09 17:35:07 - MediaMTX_VMS - INFO - [grid_widget.py:166] - Assigned camera 'dakdsa' to cell (0, 1)
2025-12-09 17:35:07 - MediaMTX_VMS - DEBUG - [resource_tree.py:129] - Resource tree loaded: 1 cameras, 0 NVRs
2025-12-09 17:35:07 - MediaMTX_VMS - DEBUG - [event_log.py:151] - Event logged: [Info] : Application started
2025-12-09 17:35:07 - MediaMTX_VMS - INFO - [main_window.py:56] - MainWindow initialized
2025-12-09 17:35:10 - MediaMTX_VMS - INFO - [main.py:98] - Main window displayed
2025-12-09 17:35:15 - MediaMTX_VMS - INFO - [discovery.py:87] - Sending ONVIF WS-Discovery probe...
2025-12-09 17:35:18 - MediaMTX_VMS - INFO - [discovery.py:111] - ONVIF discovery complete. Found 0 devices.
2025-12-09 17:35:18 - MediaMTX_VMS - INFO - [discovery.py:224] - Scanning for MediaMTX servers (2 hosts)...
2025-12-09 17:35:24 - MediaMTX_VMS - INFO - [discovery.py:232] - MediaMTX discovery complete. Found 0 servers.
2025-12-09 17:35:24 - MediaMTX_VMS - DEBUG - [resource_tree.py:129] - Resource tree loaded: 1 cameras, 0 NVRs
2025-12-09 17:35:25 - MediaMTX_VMS - INFO - [grid_widget.py:220] - Stopping all streams
2025-12-09 17:35:25 - MediaMTX_VMS - INFO - [video_widget.py:109] - Stopping stream for dakdsa
2025-12-09 17:35:25 - MediaMTX_VMS - DEBUG - [stream_manager.py:134] - Stopping stream for dakdsa
2025-12-09 17:35:27 - MediaMTX_VMS - INFO - [video_widget.py:109] - Stopping stream for dakdsa
2025-12-09 17:35:27 - MediaMTX_VMS - DEBUG - [stream_manager.py:134] - Stopping stream for dakdsa
2025-12-09 17:35:29 - MediaMTX_VMS - INFO - [main_window.py:369] - Application closing
2025-12-09 17:35:29 - MediaMTX_VMS - INFO - [main.py:106] - Application exiting with code: 0
2025-12-09 17:35:29 - MediaMTX_VMS - INFO - [main.py:107] - ================================================================================
