2026-01-03 09:37:46 - MediaMTX_VMS - INFO - [logger.py:62] - ================================================================================
2026-01-03 09:37:46 - MediaMTX_VMS - INFO - [logger.py:63] - MediaMTX VMS Client v2.0 - Logger initialized
2026-01-03 09:37:46 - MediaMTX_VMS - INFO - [logger.py:64] - Log file: logs\app_20260103.log
2026-01-03 09:37:46 - MediaMTX_VMS - INFO - [logger.py:65] - ================================================================================
2026-01-03 09:37:46 - MediaMTX_VMS - INFO - [config.py:40] - Configuration loaded from config.json
2026-01-03 09:37:46 - MediaMTX_VMS - DEBUG - [crypto.py:54] - CryptoManager initialized successfully
2026-01-03 09:37:46 - MediaMTX_VMS - INFO - [camera_manager.py:28] - Loading 0 cameras from config
2026-01-03 09:37:46 - MediaMTX_VMS - INFO - [nvr_manager.py:28] - Loading 0 NVRs from config
2026-01-03 09:37:48 - MediaMTX_VMS - INFO - [main.py:96] - ================================================================================
2026-01-03 09:37:48 - MediaMTX_VMS - INFO - [main.py:97] - MediaMTX VMS Client v2.0 - Starting
2026-01-03 09:37:48 - MediaMTX_VMS - INFO - [main.py:98] - ================================================================================
2026-01-03 09:37:48 - MediaMTX_VMS - INFO - [main.py:47] - Stylesheet loaded successfully
2026-01-03 09:37:48 - MediaMTX_VMS - DEBUG - [config.py:113] - Config set: settings.theme = Dark
2026-01-03 09:37:48 - MediaMTX_VMS - DEBUG - [config.py:63] - Configuration saved
2026-01-03 09:37:48 - MediaMTX_VMS - INFO - [theme_manager.py:227] - Theme set to: Dark
2026-01-03 09:37:48 - MediaMTX_VMS - INFO - [grid_widget.py:85] - Created 2x2 grid with 4 cells
2026-01-03 09:37:49 - MediaMTX_VMS - ERROR - [emap_widget.py:223] - Map image not found: C:/Users/Windows 11 Pro/Pictures/Feedback/{4CA30FA2-3B7A-47FB-9AE4-5242A462EF31}/Capture001.png
2026-01-03 09:37:49 - MediaMTX_VMS - DEBUG - [resource_tree.py:192] - Resource tree loaded: 0 cameras, 0 NVRs
2026-01-03 09:37:49 - MediaMTX_VMS - DEBUG - [event_log.py:151] - Event logged: [Info] : Application started
2026-01-03 09:37:49 - MediaMTX_VMS - DEBUG - [resource_monitor.py:48] - Resource monitoring started
2026-01-03 09:37:49 - MediaMTX_VMS - INFO - [main_window.py:54] - MainWindow initialized
2026-01-03 09:37:52 - MediaMTX_VMS - INFO - [main.py:110] - Main window displayed
2026-01-03 09:37:58 - MediaMTX_VMS - INFO - [grid_widget.py:247] - Stopping all streams
2026-01-03 09:37:58 - MediaMTX_VMS - INFO - [main_window.py:62] - Application closing
2026-01-03 09:37:58 - MediaMTX_VMS - INFO - [main.py:118] - Application exiting with code: 0
2026-01-03 09:37:58 - MediaMTX_VMS - INFO - [main.py:119] - ================================================================================
2026-01-03 09:39:50 - MediaMTX_VMS - INFO - [logger.py:62] - ================================================================================
2026-01-03 09:39:50 - MediaMTX_VMS - INFO - [logger.py:63] - MediaMTX VMS Client v2.0 - Logger initialized
2026-01-03 09:39:50 - MediaMTX_VMS - INFO - [logger.py:64] - Log file: logs\app_20260103.log
2026-01-03 09:39:50 - MediaMTX_VMS - INFO - [logger.py:65] - ================================================================================
2026-01-03 09:39:50 - MediaMTX_VMS - INFO - [config.py:40] - Configuration loaded from config.json
2026-01-03 09:39:51 - MediaMTX_VMS - DEBUG - [crypto.py:54] - CryptoManager initialized successfully
2026-01-03 09:39:51 - MediaMTX_VMS - INFO - [camera_manager.py:28] - Loading 0 cameras from config
2026-01-03 09:39:51 - MediaMTX_VMS - INFO - [nvr_manager.py:28] - Loading 0 NVRs from config
2026-01-03 09:44:43 - MediaMTX_VMS - INFO - [logger.py:62] - ================================================================================
2026-01-03 09:44:43 - MediaMTX_VMS - INFO - [logger.py:63] - MediaMTX VMS Client v2.0 - Logger initialized
2026-01-03 09:44:43 - MediaMTX_VMS - INFO - [logger.py:64] - Log file: logs\app_20260103.log
2026-01-03 09:44:43 - MediaMTX_VMS - INFO - [logger.py:65] - ================================================================================
2026-01-03 09:44:43 - MediaMTX_VMS - INFO - [config.py:40] - Configuration loaded from config.json
2026-01-03 09:44:43 - MediaMTX_VMS - DEBUG - [crypto.py:54] - CryptoManager initialized successfully
2026-01-03 09:44:43 - MediaMTX_VMS - INFO - [camera_manager.py:28] - Loading 0 cameras from config
2026-01-03 09:44:43 - MediaMTX_VMS - INFO - [nvr_manager.py:28] - Loading 0 NVRs from config
2026-01-03 09:44:45 - MediaMTX_VMS - INFO - [main.py:96] - ================================================================================
2026-01-03 09:44:45 - MediaMTX_VMS - INFO - [main.py:97] - MediaMTX VMS Client v2.0 - Starting
2026-01-03 09:44:45 - MediaMTX_VMS - INFO - [main.py:98] - ================================================================================
2026-01-03 09:44:45 - MediaMTX_VMS - INFO - [main.py:47] - Stylesheet loaded successfully
2026-01-03 09:44:45 - MediaMTX_VMS - DEBUG - [config.py:113] - Config set: settings.theme = Dark
2026-01-03 09:44:45 - MediaMTX_VMS - DEBUG - [config.py:63] - Configuration saved
2026-01-03 09:44:45 - MediaMTX_VMS - INFO - [theme_manager.py:227] - Theme set to: Dark
2026-01-03 09:44:45 - MediaMTX_VMS - INFO - [grid_widget.py:85] - Created 2x2 grid with 4 cells
2026-01-03 09:44:46 - MediaMTX_VMS - ERROR - [emap_widget.py:223] - Map image not found: C:/Users/Windows 11 Pro/Pictures/Feedback/{4CA30FA2-3B7A-47FB-9AE4-5242A462EF31}/Capture001.png
2026-01-03 09:44:46 - MediaMTX_VMS - DEBUG - [resource_tree.py:192] - Resource tree loaded: 0 cameras, 0 NVRs
2026-01-03 09:44:46 - MediaMTX_VMS - DEBUG - [event_log.py:151] - Event logged: [Info] : Application started
2026-01-03 09:44:46 - MediaMTX_VMS - DEBUG - [resource_monitor.py:48] - Resource monitoring started
2026-01-03 09:44:46 - MediaMTX_VMS - INFO - [main_window.py:54] - MainWindow initialized
2026-01-03 09:44:49 - MediaMTX_VMS - INFO - [main.py:110] - Main window displayed
2026-01-03 09:44:57 - MediaMTX_VMS - INFO - [grid_widget.py:247] - Stopping all streams
2026-01-03 09:44:57 - MediaMTX_VMS - INFO - [main_window.py:62] - Application closing
2026-01-03 09:44:57 - MediaMTX_VMS - INFO - [main.py:118] - Application exiting with code: 0
2026-01-03 09:44:57 - MediaMTX_VMS - INFO - [main.py:119] - ================================================================================
